2025-07-18 17:27:28 - === INÍCIO PAUSAR CADASTRO ===
2025-07-18 17:27:28 - POST data: Array
(
    [usuario_id] => 179
    [acao] => pausar_cadastro
)

2025-07-18 17:27:28 - SESSION data: Array
(
    [usuario_id] => 179
)

2025-07-18 17:27:28 - ✅ Método POST confirmado
2025-07-18 17:27:28 - ✅ Usuario ID do POST: 179
2025-07-18 17:27:28 - 🔍 Testando conexão com banco...
2025-07-18 17:27:28 - ✅ Arquivo conexao_bd.php incluído
2025-07-18 17:27:28 - ✅ Conexão com banco OK
2025-07-18 17:27:28 - 🔍 Buscando usuário ID: 179
2025-07-18 17:27:28 - ✅ Usuário encontrado: Gi Valdrez
2025-07-18 17:27:28 - ✅ Status do cadastro OK para pausar
2025-07-18 17:27:28 - 🔍 Iniciando transação...
2025-07-18 17:27:28 - 🔍 Removendo veículos vazios...
2025-07-18 17:27:28 - ✅ Veículos removidos: 0
2025-07-18 17:27:28 - 🔍 Atualizando status do usuário...
2025-07-18 17:27:28 - ❌ ERRO GERAL: Unknown column 'data_pausa' in 'SET'
2025-07-18 17:27:28 - ❌ Stack trace: #0 /home/u218663118/domains/motorgo.co/public_html/pausar_cadastro.php(126): mysqli->prepare()
#1 {main}
2025-07-18 17:27:28 - === FIM PAUSAR CADASTRO ===
2025-07-18 17:29:06 - === INÍCIO PAUSAR CADASTRO ===
2025-07-18 17:29:06 - POST data: Array
(
    [usuario_id] => 180
    [acao] => pausar_cadastro
)

2025-07-18 17:29:06 - SESSION data: Array
(
    [usuario_id] => 180
)

2025-07-18 17:29:06 - ✅ Método POST confirmado
2025-07-18 17:29:06 - ✅ Usuario ID do POST: 180
2025-07-18 17:29:06 - 🔍 Testando conexão com banco...
2025-07-18 17:29:06 - ✅ Arquivo conexao_bd.php incluído
2025-07-18 17:29:06 - ✅ Conexão com banco OK
2025-07-18 17:29:06 - 🔍 Buscando usuário ID: 180
2025-07-18 17:29:06 - ✅ Usuário encontrado: ROBERTO VALDREZ JUNIOR
2025-07-18 17:29:06 - ✅ Status do cadastro OK para pausar
2025-07-18 17:29:06 - 🔍 Iniciando transação...
2025-07-18 17:29:06 - 🔍 Removendo veículos vazios...
2025-07-18 17:29:06 - ✅ Veículos removidos: 0
2025-07-18 17:29:06 - 🔍 Atualizando status do usuário...
2025-07-18 17:29:06 - ❌ ERRO GERAL: Unknown column 'data_pausa' in 'SET'
2025-07-18 17:29:06 - ❌ Stack trace: #0 /home/u218663118/domains/motorgo.co/public_html/pausar_cadastro.php(126): mysqli->prepare()
#1 {main}
2025-07-18 17:29:06 - === FIM PAUSAR CADASTRO ===
